<testsuites id="" name="" tests="1" failures="0" skipped="0" errors="0" time="19.324552">
<testsuite name="amazon.test.ts" timestamp="2025-08-26T18:38:58.896Z" hostname="Desktop Chrome" tests="1" failures="0" skipped="0" time="18.371" errors="0">
<testcase name="Amazon Automation › Scenario : Login, search , add , verify, delete, sign out" classname="amazon.test.ts" time="18.371">
<system-out>
<![CDATA[Logged in user : Divya

[[ATTACHMENT|amazon-Amazon-Automation-S-35e05--add-verify-delete-sign-out-Desktop-Chrome/test-finished-1.png]]

[[ATTACHMENT|amazon-Amazon-Automation-S-35e05--add-verify-delete-sign-out-Desktop-Chrome/video.webm]]
]]>
</system-out>
</testcase>
</testsuite>
</testsuites>